// Jest Snapshot v1, https://goo.gl/fbAQLP

exports[`MoviesContainer component should display loading gif if no movies to display 1`] = `
<section
  className="MoviesContainer"
/>
`;

exports[`MoviesContainer component should match snapshot 1`] = `<section />`;

exports[`MoviesContainer component should match snapshot with props 1`] = `
<section
  className="MoviesContainer"
>
  <Connect(Card)
    history={Object {}}
    key="NaN"
    movie={Object {}}
  />
</section>
`;
