// Jest Snapshot v1, https://goo.gl/fbAQLP

exports[`LogInUser LogInUser Component should match snapshot 1`] = `
<div
  className="NavBar"
>
  <form
    onSubmit={[Function]}
  >
    <input
      className="email-input"
      name="email"
      onChange={[Function]}
      placeholder="Email"
      required={true}
      type="email"
      value=""
    />
    <input
      className="password-input"
      name="password"
      onChange={[Function]}
      placeholder="Password"
      required={true}
      value=""
    />
    <button
      className="login-btn"
    >
      Login
    </button>
  </form>
  <NavLink
    activeClassName="active"
    aria-current="page"
    className="login-link"
    onClick={[Function]}
    to="/signup"
  >
    Sign Up
  </NavLink>
  <Connect(Component) />
</div>
`;
